// Jest Snapshot v1, https://goo.gl/fbAQLP

exports[`<InputField /> snapshot should render correctly 1`] = `
<input
  className="sc-bdfBwQ iVJIjv"
/>
`;
